../../Middlewares/ST/touchgfx/framework/include/touchgfx/Screen.hpp:104:18:virtual void touchgfx::Screen::afterTransition()	0	static
../../Middlewares/ST/touchgfx/framework/include/touchgfx/Screen.hpp:154:18:virtual void touchgfx::Screen::handleKeyEvent(uint8_t)	0	static
D:/VSCode/2024.2/embedded/CK/PingPongGame/TouchGFX/gui/src/game_screen/GameView.cpp:24:6:virtual void GameView::tearDownScreen()	0	static
../../TouchGFX/gui/include/gui/game_screen/GameView.hpp:11:13:GameView::~GameView()	8	static
../../TouchGFX/gui/include/gui/game_screen/GameView.hpp:11:13:virtual GameView::~GameView()	8	static
../../Middlewares/ST/touchgfx/framework/include/touchgfx/hal/Types.hpp:192:10:bool touchgfx::Rect::intersect(const touchgfx::Rect&) const	8	static
D:/VSCode/2024.2/embedded/CK/PingPongGame/TouchGFX/gui/src/game_screen/GameView.cpp:6:1:GameView::GameView()	8	static
D:/VSCode/2024.2/embedded/CK/PingPongGame/TouchGFX/gui/src/game_screen/GameView.cpp:11:6:virtual void GameView::setupScreen()	8	static
D:/VSCode/2024.2/embedded/CK/PingPongGame/TouchGFX/gui/src/game_screen/GameView.cpp:29:6:virtual void GameView::handleTickEvent()	64	static
